\BOOKMARK [1][]{section.1}{\376\377\116\000\060\001\000\040\225\356\230\230\221\315\217\360}{}% 1
\BOOKMARK [2][]{subsection.1.1}{\376\377\0001\000.\0001\000\040\225\356\230\230\200\314\146\157}{section.1}% 2
\BOOKMARK [2][]{subsection.1.2}{\376\377\0001\000.\0002\000\040\225\356\230\230\121\205\133\271\116\016\211\201\154\102}{section.1}% 3
\BOOKMARK [1][]{section.2}{\376\377\116\214\060\001\000\040\225\356\230\230\122\006\147\220}{}% 4
\BOOKMARK [2][]{subsection.2.1}{\376\377\0002\000.\0001\000\040\145\164\117\123\122\006\147\220}{section.2}% 5
\BOOKMARK [2][]{subsection.2.2}{\376\377\0002\000.\0002\000\040\225\356\230\230\116\000\166\204\122\006\147\220}{section.2}% 6
\BOOKMARK [2][]{subsection.2.3}{\376\377\0002\000.\0003\000\040\225\356\230\230\116\214\166\204\122\006\147\220}{section.2}% 7
\BOOKMARK [2][]{subsection.2.4}{\376\377\0002\000.\0004\000\040\225\356\230\230\116\011\166\204\122\006\147\220}{section.2}% 8
\BOOKMARK [1][]{section.3}{\376\377\116\011\060\001\000\040\152\041\127\213\120\107\213\276}{}% 9
\BOOKMARK [1][]{section.4}{\376\377\126\333\060\001\000\040\173\046\123\367\213\364\146\016}{}% 10
\BOOKMARK [1][]{section.5}{\376\377\116\224\060\001\000\040\225\356\230\230\116\000\377\032\151\022\166\320\126\152\130\360\126\376\120\317\140\142\131\015\166\204\116\044\226\066\153\265\152\041\127\213}{}% 11
\BOOKMARK [2][]{subsection.5.1}{\376\377\0005\000.\0001\000\040\126\152\130\360\152\041\127\213\116\016\225\356\230\230\143\317\217\360}{section.5}% 12
\BOOKMARK [2][]{subsection.5.2}{\376\377\0005\000.\0002\000\040\173\054\116\000\226\066\153\265\377\032\201\352\220\002\136\224\116\055\120\074\156\344\154\342\150\300\155\113}{section.5}% 13
\BOOKMARK [2][]{subsection.5.3}{\376\377\0005\000.\0003\000\040\173\054\116\214\226\066\153\265\377\032\117\335\217\271\153\143\122\031\123\026\154\333\121\375\123\312\121\166\217\271\124\214\137\142\137\017}{section.5}% 14
\BOOKMARK [2][]{subsection.5.4}{\376\377\0005\000.\0004\000\040\121\111\156\321\123\026\173\126\165\145}{section.5}% 15
\BOOKMARK [2][]{subsection.5.5}{\376\377\0005\000.\0005\000\040\152\041\127\213\154\102\211\343\377\032\000G\000P\000S\000R\000-\000B\000B\000\040\142\225\137\161\150\257\136\246\154\325}{section.5}% 16
\BOOKMARK [2][]{subsection.5.6}{\376\377\0005\000.\0006\000\040\123\302\145\160\220\011\142\351}{section.5}% 17
\BOOKMARK [2][]{subsection.5.7}{\376\377\0005\000.\0007\000\040\145\160\120\074\133\236\232\214\116\016\176\323\147\234\122\006\147\220}{section.5}% 18
\BOOKMARK [2][]{subsection.5.8}{\376\377\0005\000.\0008\000\040\173\126\165\145\133\371\153\324\122\006\147\220}{section.5}% 19
\BOOKMARK [1][]{section.6}{\376\377\121\155\060\001\000\040\225\356\230\230\116\214\377\032\117\335\217\271\122\277\121\375\145\160\220\011\142\351\133\371\140\142\131\015\145\110\147\234\166\204\137\161\124\315}{}% 20
\BOOKMARK [2][]{subsection.6.1}{\376\377\0006\000.\0001\000\040\122\277\121\375\145\160\145\317\123\312\121\166\123\302\145\160\213\355\116\111}{section.6}% 21
\BOOKMARK [2][]{subsection.6.2}{\376\377\0006\000.\0002\000\040\152\041\127\213\166\204\133\232\140\047\135\356\137\002}{section.6}% 22
\BOOKMARK [2][]{subsection.6.3}{\376\377\0006\000.\0003\000\040\121\154\136\163\153\324\217\203\123\117\213\256}{section.6}% 23
\BOOKMARK [2][]{subsection.6.4}{\376\377\0006\000.\0004\000\040\123\302\145\160\145\117\141\037\140\047\122\006\147\220}{section.6}% 24
\BOOKMARK [2][]{subsection.6.5}{\376\377\0006\000.\0005\000\040\133\371\153\324\133\236\232\214\176\323\147\234\116\016\176\323\213\272}{section.6}% 25
\BOOKMARK [1][]{section.7}{\376\377\116\003\060\001\000\040\225\356\230\230\116\011\377\032\172\000\165\217\117\341\123\367\221\315\147\204\166\204\117\356\153\143\000\040\000P\000R\000P\000\040\121\161\217\155\150\257\136\246\154\325}{}% 26
\BOOKMARK [2][]{subsection.7.1}{\376\377\0007\000.\0001\000\040\225\356\230\230\136\372\152\041\116\016\133\236\232\214\133\236\117\213}{section.7}% 27
\BOOKMARK [2][]{subsection.7.2}{\376\377\0007\000.\0002\000\040\121\111\156\321\123\026\116\016\117\356\153\143\000\040\000P\000R\000P\000\040\121\161\217\155\150\257\136\246\154\325}{section.7}% 28
\BOOKMARK [2][]{subsection.7.3}{\376\377\0007\000.\0003\000\040\000G\000P\000S\000R\000-\000B\000C\000Q\000P\000\040\133\371\153\324\173\227\154\325}{section.7}% 29
\BOOKMARK [2][]{subsection.7.4}{\376\377\0007\000.\0004\000\040\133\371\153\324\133\236\232\214\116\016\176\323\147\234}{section.7}% 30
\BOOKMARK [2][]{subsection.7.5}{\376\377\0007\000.\0005\000\040\176\323\147\234\122\006\147\220}{section.7}% 31
\BOOKMARK [1][]{section.8}{\376\377\121\153\060\001\000\040\160\165\145\117\136\246\122\006\147\220\116\016\152\041\127\213\150\300\232\214}{}% 32
\BOOKMARK [2][]{subsection.8.1}{\376\377\0008\000.\0001\000\040\121\111\156\321\123\302\145\160\000\040\000\040\116\016\126\152\130\360\173\111\176\247\166\204\160\165\145\117\136\246}{section.8}% 33
\BOOKMARK [2][]{subsection.8.2}{\376\377\0008\000.\0002\000\040\122\277\121\375\145\160\116\016\153\143\122\031\147\103\221\315\166\204\160\165\145\117\136\246}{section.8}% 34
\BOOKMARK [2][]{subsection.8.3}{\376\377\0008\000.\0003\000\040\116\016\145\207\163\056\176\323\147\234\166\204\133\371\161\147\150\300\232\214}{section.8}% 35
\BOOKMARK [2][]{subsection.8.4}{\376\377\0008\000.\0004\000\040\226\217\147\072\140\047\116\016\133\236\163\260\166\204\234\201\150\322\140\047}{section.8}% 36
\BOOKMARK [1][]{section.9}{\376\377\116\135\060\001\000\040\152\041\127\213\166\204\213\304\116\367\116\016\143\250\136\177}{}% 37
\BOOKMARK [2][]{subsection.9.1}{\376\377\0009\000.\0001\000\040\152\041\127\213\166\204\117\030\160\271}{section.9}% 38
\BOOKMARK [2][]{subsection.9.2}{\376\377\0009\000.\0002\000\040\152\041\127\213\166\204\177\072\160\271}{section.9}% 39
\BOOKMARK [2][]{subsection.9.3}{\376\377\0009\000.\0003\000\040\152\041\127\213\166\204\143\250\136\177}{section.9}% 40
\BOOKMARK [1][]{section*.14}{\376\377\123\302\200\003\145\207\163\056}{}% 41
\BOOKMARK [1][]{section.1.A}{\376\377\226\104\137\125\000\040\000A\000\040\145\057\144\221\147\120\145\231\156\005\123\125}{}% 42
\BOOKMARK [1][]{section.1.B}{\376\377\226\104\137\125\000\040\000B\000\040\213\304\116\367\143\007\150\007\166\204\213\241\173\227\145\271\137\017}{}% 43
\BOOKMARK [1][]{section.1.C}{\376\377\226\104\137\125\000\040\000C\000\040\116\073\211\201\166\204\145\160\120\074\176\323\147\234\145\207\116\366}{}% 44
